[2025-10-21T11:19:35.729+0000] {manager.py:470} INFO - Processing files using up to 2 processes at a time 
[2025-10-21T11:19:35.730+0000] {manager.py:471} INFO - Process each file at most once every 30 seconds
[2025-10-21T11:19:35.730+0000] {manager.py:472} INFO - Checking for new files in /opt/airflow/dags every 300 seconds
[2025-10-21T11:19:35.731+0000] {manager.py:737} INFO - Searching for files in /opt/airflow/dags
[2025-10-21T11:19:35.736+0000] {manager.py:740} INFO - There are 1 files in /opt/airflow/dags
[2025-10-21T11:19:35.889+0000] {manager.py:878} INFO - 
================================================================================
DAG File Processing Stats

File Path                                  PID  Runtime      # DAGs    # Errors  Last Runtime    Last Run
---------------------------------------  -----  ---------  --------  ----------  --------------  ----------
/opt/airflow/dags/apple_pipeline_dag.py    180  0.06s             0           0
================================================================================
[2025-10-21T11:20:06.120+0000] {manager.py:878} INFO - 
================================================================================
DAG File Processing Stats

File Path                                  PID  Runtime      # DAGs    # Errors  Last Runtime    Last Run
---------------------------------------  -----  ---------  --------  ----------  --------------  -------------------
/opt/airflow/dags/apple_pipeline_dag.py    185  0.02s             1           0  0.19s           2025-10-21T11:19:36
================================================================================
[2025-10-21T11:20:36.559+0000] {manager.py:878} INFO - 
================================================================================
DAG File Processing Stats

File Path                                PID    Runtime      # DAGs    # Errors  Last Runtime    Last Run
---------------------------------------  -----  ---------  --------  ----------  --------------  -------------------
/opt/airflow/dags/apple_pipeline_dag.py                           1           0  0.14s           2025-10-21T11:20:31
================================================================================
[2025-10-21T11:21:06.856+0000] {manager.py:878} INFO - 
================================================================================
DAG File Processing Stats

File Path                                PID    Runtime      # DAGs    # Errors  Last Runtime    Last Run
---------------------------------------  -----  ---------  --------  ----------  --------------  -------------------
/opt/airflow/dags/apple_pipeline_dag.py                           1           0  0.11s           2025-10-21T11:21:01
================================================================================
[2025-10-21T11:21:37.171+0000] {manager.py:878} INFO - 
================================================================================
DAG File Processing Stats

File Path                                PID    Runtime      # DAGs    # Errors  Last Runtime    Last Run
---------------------------------------  -----  ---------  --------  ----------  --------------  -------------------
/opt/airflow/dags/apple_pipeline_dag.py                           1           0  0.09s           2025-10-21T11:21:32
================================================================================
[2025-10-21T11:22:07.486+0000] {manager.py:878} INFO - 
================================================================================
DAG File Processing Stats

File Path                                PID    Runtime      # DAGs    # Errors  Last Runtime    Last Run
---------------------------------------  -----  ---------  --------  ----------  --------------  -------------------
/opt/airflow/dags/apple_pipeline_dag.py                           1           0  0.09s           2025-10-21T11:22:02
================================================================================
[2025-10-21T11:22:37.818+0000] {manager.py:878} INFO - 
================================================================================
DAG File Processing Stats

File Path                                PID    Runtime      # DAGs    # Errors  Last Runtime    Last Run
---------------------------------------  -----  ---------  --------  ----------  --------------  -------------------
/opt/airflow/dags/apple_pipeline_dag.py                           1           0  0.09s           2025-10-21T11:22:32
================================================================================
[2025-10-21T11:23:08.168+0000] {manager.py:878} INFO - 
================================================================================
DAG File Processing Stats

File Path                                PID    Runtime      # DAGs    # Errors  Last Runtime    Last Run
---------------------------------------  -----  ---------  --------  ----------  --------------  -------------------
/opt/airflow/dags/apple_pipeline_dag.py                           1           0  0.13s           2025-10-21T11:23:03
================================================================================
[2025-10-21T11:23:38.515+0000] {manager.py:878} INFO - 
================================================================================
DAG File Processing Stats

File Path                                PID    Runtime      # DAGs    # Errors  Last Runtime    Last Run
---------------------------------------  -----  ---------  --------  ----------  --------------  -------------------
/opt/airflow/dags/apple_pipeline_dag.py                           1           0  0.11s           2025-10-21T11:23:33
================================================================================
[2025-10-21T11:24:08.895+0000] {manager.py:878} INFO - 
================================================================================
DAG File Processing Stats

File Path                                PID    Runtime      # DAGs    # Errors  Last Runtime    Last Run
---------------------------------------  -----  ---------  --------  ----------  --------------  -------------------
/opt/airflow/dags/apple_pipeline_dag.py                           1           0  0.09s           2025-10-21T11:24:03
================================================================================
[2025-10-21T11:24:36.203+0000] {manager.py:737} INFO - Searching for files in /opt/airflow/dags
[2025-10-21T11:24:36.212+0000] {manager.py:740} INFO - There are 1 files in /opt/airflow/dags
[2025-10-21T11:24:39.254+0000] {manager.py:878} INFO - 
================================================================================
DAG File Processing Stats

File Path                                PID    Runtime      # DAGs    # Errors  Last Runtime    Last Run
---------------------------------------  -----  ---------  --------  ----------  --------------  -------------------
/opt/airflow/dags/apple_pipeline_dag.py                           1           0  0.10s           2025-10-21T11:24:34
================================================================================
[2025-10-21T11:25:09.580+0000] {manager.py:878} INFO - 
================================================================================
DAG File Processing Stats

File Path                                PID    Runtime      # DAGs    # Errors  Last Runtime    Last Run
---------------------------------------  -----  ---------  --------  ----------  --------------  -------------------
/opt/airflow/dags/apple_pipeline_dag.py                           1           0  0.13s           2025-10-21T11:25:04
================================================================================
[2025-10-21T11:25:39.927+0000] {manager.py:878} INFO - 
================================================================================
DAG File Processing Stats

File Path                                PID    Runtime      # DAGs    # Errors  Last Runtime    Last Run
---------------------------------------  -----  ---------  --------  ----------  --------------  -------------------
/opt/airflow/dags/apple_pipeline_dag.py                           1           0  0.15s           2025-10-21T11:25:34
================================================================================
[2025-10-21T11:26:10.271+0000] {manager.py:878} INFO - 
================================================================================
DAG File Processing Stats

File Path                                PID    Runtime      # DAGs    # Errors  Last Runtime    Last Run
---------------------------------------  -----  ---------  --------  ----------  --------------  -------------------
/opt/airflow/dags/apple_pipeline_dag.py                           1           0  0.11s           2025-10-21T11:26:05
================================================================================
[2025-10-21T11:26:40.648+0000] {manager.py:878} INFO - 
================================================================================
DAG File Processing Stats

File Path                                PID    Runtime      # DAGs    # Errors  Last Runtime    Last Run
---------------------------------------  -----  ---------  --------  ----------  --------------  -------------------
/opt/airflow/dags/apple_pipeline_dag.py                           1           0  0.11s           2025-10-21T11:26:35
================================================================================
[2025-10-21T11:27:10.979+0000] {manager.py:878} INFO - 
================================================================================
DAG File Processing Stats

File Path                                PID    Runtime      # DAGs    # Errors  Last Runtime    Last Run
---------------------------------------  -----  ---------  --------  ----------  --------------  -------------------
/opt/airflow/dags/apple_pipeline_dag.py                           1           0  0.11s           2025-10-21T11:27:06
================================================================================
[2025-10-21T11:27:41.300+0000] {manager.py:878} INFO - 
================================================================================
DAG File Processing Stats

File Path                                PID    Runtime      # DAGs    # Errors  Last Runtime    Last Run
---------------------------------------  -----  ---------  --------  ----------  --------------  -------------------
/opt/airflow/dags/apple_pipeline_dag.py                           1           0  0.22s           2025-10-21T11:27:36
================================================================================
[2025-10-21T11:28:11.613+0000] {manager.py:878} INFO - 
================================================================================
DAG File Processing Stats

File Path                                PID    Runtime      # DAGs    # Errors  Last Runtime    Last Run
---------------------------------------  -----  ---------  --------  ----------  --------------  -------------------
/opt/airflow/dags/apple_pipeline_dag.py                           1           0  0.14s           2025-10-21T11:28:06
================================================================================
[2025-10-21T11:28:41.967+0000] {manager.py:878} INFO - 
================================================================================
DAG File Processing Stats

File Path                                PID    Runtime      # DAGs    # Errors  Last Runtime    Last Run
---------------------------------------  -----  ---------  --------  ----------  --------------  -------------------
/opt/airflow/dags/apple_pipeline_dag.py                           1           0  0.12s           2025-10-21T11:28:36
================================================================================
