[2025-10-21T11:19:35.858+0000] {processor.py:161} INFO - Started process (PID=180) to work on /opt/airflow/dags/apple_pipeline_dag.py
[2025-10-21T11:19:35.861+0000] {processor.py:830} INFO - Processing file /opt/airflow/dags/apple_pipeline_dag.py for tasks to queue
[2025-10-21T11:19:35.866+0000] {logging_mixin.py:188} INFO - [2025-10-21T11:19:35.866+0000] {dagbag.py:545} INFO - Filling up the DagBag from /opt/airflow/dags/apple_pipeline_dag.py
[2025-10-21T11:19:35.898+0000] {processor.py:840} INFO - DAG(s) 'apple_retail_pipeline' retrieved from /opt/airflow/dags/apple_pipeline_dag.py
[2025-10-21T11:19:35.953+0000] {logging_mixin.py:188} INFO - [2025-10-21T11:19:35.953+0000] {dag.py:3096} INFO - Sync 1 DAGs
[2025-10-21T11:19:35.972+0000] {logging_mixin.py:188} INFO - [2025-10-21T11:19:35.972+0000] {dag.py:3954} INFO - Setting next_dagrun for apple_retail_pipeline to None, run_after=None
[2025-10-21T11:19:36.003+0000] {processor.py:183} INFO - Processing /opt/airflow/dags/apple_pipeline_dag.py took 0.157 seconds
[2025-10-21T11:20:06.151+0000] {processor.py:161} INFO - Started process (PID=185) to work on /opt/airflow/dags/apple_pipeline_dag.py
[2025-10-21T11:20:06.152+0000] {processor.py:830} INFO - Processing file /opt/airflow/dags/apple_pipeline_dag.py for tasks to queue
[2025-10-21T11:20:06.157+0000] {logging_mixin.py:188} INFO - [2025-10-21T11:20:06.157+0000] {dagbag.py:545} INFO - Filling up the DagBag from /opt/airflow/dags/apple_pipeline_dag.py
[2025-10-21T11:20:06.173+0000] {processor.py:840} INFO - DAG(s) 'apple_retail_pipeline' retrieved from /opt/airflow/dags/apple_pipeline_dag.py
[2025-10-21T11:20:06.370+0000] {logging_mixin.py:188} INFO - [2025-10-21T11:20:06.370+0000] {dag.py:3096} INFO - Sync 1 DAGs
[2025-10-21T11:20:06.379+0000] {logging_mixin.py:188} INFO - [2025-10-21T11:20:06.379+0000] {dag.py:3954} INFO - Setting next_dagrun for apple_retail_pipeline to None, run_after=None
[2025-10-21T11:20:06.390+0000] {processor.py:183} INFO - Processing /opt/airflow/dags/apple_pipeline_dag.py took 0.253 seconds
[2025-10-21T11:20:31.525+0000] {processor.py:161} INFO - Started process (PID=190) to work on /opt/airflow/dags/apple_pipeline_dag.py
[2025-10-21T11:20:31.528+0000] {processor.py:830} INFO - Processing file /opt/airflow/dags/apple_pipeline_dag.py for tasks to queue
[2025-10-21T11:20:31.531+0000] {logging_mixin.py:188} INFO - [2025-10-21T11:20:31.530+0000] {dagbag.py:545} INFO - Filling up the DagBag from /opt/airflow/dags/apple_pipeline_dag.py
[2025-10-21T11:20:31.543+0000] {processor.py:840} INFO - DAG(s) 'apple_retail_pipeline' retrieved from /opt/airflow/dags/apple_pipeline_dag.py
[2025-10-21T11:20:31.557+0000] {logging_mixin.py:188} INFO - [2025-10-21T11:20:31.556+0000] {dag.py:3096} INFO - Sync 1 DAGs
[2025-10-21T11:20:31.567+0000] {logging_mixin.py:188} INFO - [2025-10-21T11:20:31.567+0000] {dag.py:3954} INFO - Setting next_dagrun for apple_retail_pipeline to None, run_after=None
[2025-10-21T11:20:31.577+0000] {processor.py:183} INFO - Processing /opt/airflow/dags/apple_pipeline_dag.py took 0.064 seconds
[2025-10-21T11:21:01.833+0000] {processor.py:161} INFO - Started process (PID=195) to work on /opt/airflow/dags/apple_pipeline_dag.py
[2025-10-21T11:21:01.834+0000] {processor.py:830} INFO - Processing file /opt/airflow/dags/apple_pipeline_dag.py for tasks to queue
[2025-10-21T11:21:01.836+0000] {logging_mixin.py:188} INFO - [2025-10-21T11:21:01.835+0000] {dagbag.py:545} INFO - Filling up the DagBag from /opt/airflow/dags/apple_pipeline_dag.py
[2025-10-21T11:21:01.847+0000] {processor.py:840} INFO - DAG(s) 'apple_retail_pipeline' retrieved from /opt/airflow/dags/apple_pipeline_dag.py
[2025-10-21T11:21:01.874+0000] {logging_mixin.py:188} INFO - [2025-10-21T11:21:01.874+0000] {dag.py:3096} INFO - Sync 1 DAGs
[2025-10-21T11:21:01.891+0000] {logging_mixin.py:188} INFO - [2025-10-21T11:21:01.891+0000] {dag.py:3954} INFO - Setting next_dagrun for apple_retail_pipeline to None, run_after=None
[2025-10-21T11:21:01.905+0000] {processor.py:183} INFO - Processing /opt/airflow/dags/apple_pipeline_dag.py took 0.083 seconds
[2025-10-21T11:21:32.132+0000] {processor.py:161} INFO - Started process (PID=211) to work on /opt/airflow/dags/apple_pipeline_dag.py
[2025-10-21T11:21:32.134+0000] {processor.py:830} INFO - Processing file /opt/airflow/dags/apple_pipeline_dag.py for tasks to queue
[2025-10-21T11:21:32.136+0000] {logging_mixin.py:188} INFO - [2025-10-21T11:21:32.136+0000] {dagbag.py:545} INFO - Filling up the DagBag from /opt/airflow/dags/apple_pipeline_dag.py
[2025-10-21T11:21:32.152+0000] {processor.py:840} INFO - DAG(s) 'apple_retail_pipeline' retrieved from /opt/airflow/dags/apple_pipeline_dag.py
[2025-10-21T11:21:32.173+0000] {logging_mixin.py:188} INFO - [2025-10-21T11:21:32.173+0000] {dag.py:3096} INFO - Sync 1 DAGs
[2025-10-21T11:21:32.181+0000] {logging_mixin.py:188} INFO - [2025-10-21T11:21:32.181+0000] {dag.py:3954} INFO - Setting next_dagrun for apple_retail_pipeline to None, run_after=None
[2025-10-21T11:21:32.189+0000] {processor.py:183} INFO - Processing /opt/airflow/dags/apple_pipeline_dag.py took 0.063 seconds
[2025-10-21T11:22:02.442+0000] {processor.py:161} INFO - Started process (PID=216) to work on /opt/airflow/dags/apple_pipeline_dag.py
[2025-10-21T11:22:02.443+0000] {processor.py:830} INFO - Processing file /opt/airflow/dags/apple_pipeline_dag.py for tasks to queue
[2025-10-21T11:22:02.446+0000] {logging_mixin.py:188} INFO - [2025-10-21T11:22:02.445+0000] {dagbag.py:545} INFO - Filling up the DagBag from /opt/airflow/dags/apple_pipeline_dag.py
[2025-10-21T11:22:02.459+0000] {processor.py:840} INFO - DAG(s) 'apple_retail_pipeline' retrieved from /opt/airflow/dags/apple_pipeline_dag.py
[2025-10-21T11:22:02.481+0000] {logging_mixin.py:188} INFO - [2025-10-21T11:22:02.481+0000] {dag.py:3096} INFO - Sync 1 DAGs
[2025-10-21T11:22:02.488+0000] {logging_mixin.py:188} INFO - [2025-10-21T11:22:02.488+0000] {dag.py:3954} INFO - Setting next_dagrun for apple_retail_pipeline to None, run_after=None
[2025-10-21T11:22:02.498+0000] {processor.py:183} INFO - Processing /opt/airflow/dags/apple_pipeline_dag.py took 0.064 seconds
[2025-10-21T11:22:32.775+0000] {processor.py:161} INFO - Started process (PID=221) to work on /opt/airflow/dags/apple_pipeline_dag.py
[2025-10-21T11:22:32.777+0000] {processor.py:830} INFO - Processing file /opt/airflow/dags/apple_pipeline_dag.py for tasks to queue
[2025-10-21T11:22:32.780+0000] {logging_mixin.py:188} INFO - [2025-10-21T11:22:32.779+0000] {dagbag.py:545} INFO - Filling up the DagBag from /opt/airflow/dags/apple_pipeline_dag.py
[2025-10-21T11:22:32.792+0000] {processor.py:840} INFO - DAG(s) 'apple_retail_pipeline' retrieved from /opt/airflow/dags/apple_pipeline_dag.py
[2025-10-21T11:22:32.813+0000] {logging_mixin.py:188} INFO - [2025-10-21T11:22:32.812+0000] {dag.py:3096} INFO - Sync 1 DAGs
[2025-10-21T11:22:32.822+0000] {logging_mixin.py:188} INFO - [2025-10-21T11:22:32.822+0000] {dag.py:3954} INFO - Setting next_dagrun for apple_retail_pipeline to None, run_after=None
[2025-10-21T11:22:32.831+0000] {processor.py:183} INFO - Processing /opt/airflow/dags/apple_pipeline_dag.py took 0.064 seconds
[2025-10-21T11:23:03.144+0000] {processor.py:161} INFO - Started process (PID=226) to work on /opt/airflow/dags/apple_pipeline_dag.py
[2025-10-21T11:23:03.145+0000] {processor.py:830} INFO - Processing file /opt/airflow/dags/apple_pipeline_dag.py for tasks to queue
[2025-10-21T11:23:03.151+0000] {logging_mixin.py:188} INFO - [2025-10-21T11:23:03.151+0000] {dagbag.py:545} INFO - Filling up the DagBag from /opt/airflow/dags/apple_pipeline_dag.py
[2025-10-21T11:23:03.171+0000] {processor.py:840} INFO - DAG(s) 'apple_retail_pipeline' retrieved from /opt/airflow/dags/apple_pipeline_dag.py
[2025-10-21T11:23:03.203+0000] {logging_mixin.py:188} INFO - [2025-10-21T11:23:03.203+0000] {dag.py:3096} INFO - Sync 1 DAGs
[2025-10-21T11:23:03.212+0000] {logging_mixin.py:188} INFO - [2025-10-21T11:23:03.212+0000] {dag.py:3954} INFO - Setting next_dagrun for apple_retail_pipeline to None, run_after=None
[2025-10-21T11:23:03.224+0000] {processor.py:183} INFO - Processing /opt/airflow/dags/apple_pipeline_dag.py took 0.089 seconds
[2025-10-21T11:23:33.469+0000] {processor.py:161} INFO - Started process (PID=231) to work on /opt/airflow/dags/apple_pipeline_dag.py
[2025-10-21T11:23:33.471+0000] {processor.py:830} INFO - Processing file /opt/airflow/dags/apple_pipeline_dag.py for tasks to queue
[2025-10-21T11:23:33.475+0000] {logging_mixin.py:188} INFO - [2025-10-21T11:23:33.474+0000] {dagbag.py:545} INFO - Filling up the DagBag from /opt/airflow/dags/apple_pipeline_dag.py
[2025-10-21T11:23:33.489+0000] {processor.py:840} INFO - DAG(s) 'apple_retail_pipeline' retrieved from /opt/airflow/dags/apple_pipeline_dag.py
[2025-10-21T11:23:33.512+0000] {logging_mixin.py:188} INFO - [2025-10-21T11:23:33.512+0000] {dag.py:3096} INFO - Sync 1 DAGs
[2025-10-21T11:23:33.519+0000] {logging_mixin.py:188} INFO - [2025-10-21T11:23:33.519+0000] {dag.py:3954} INFO - Setting next_dagrun for apple_retail_pipeline to None, run_after=None
[2025-10-21T11:23:33.527+0000] {processor.py:183} INFO - Processing /opt/airflow/dags/apple_pipeline_dag.py took 0.076 seconds
[2025-10-21T11:24:03.853+0000] {processor.py:161} INFO - Started process (PID=236) to work on /opt/airflow/dags/apple_pipeline_dag.py
[2025-10-21T11:24:03.855+0000] {processor.py:830} INFO - Processing file /opt/airflow/dags/apple_pipeline_dag.py for tasks to queue
[2025-10-21T11:24:03.856+0000] {logging_mixin.py:188} INFO - [2025-10-21T11:24:03.856+0000] {dagbag.py:545} INFO - Filling up the DagBag from /opt/airflow/dags/apple_pipeline_dag.py
[2025-10-21T11:24:03.869+0000] {processor.py:840} INFO - DAG(s) 'apple_retail_pipeline' retrieved from /opt/airflow/dags/apple_pipeline_dag.py
[2025-10-21T11:24:03.896+0000] {logging_mixin.py:188} INFO - [2025-10-21T11:24:03.896+0000] {dag.py:3096} INFO - Sync 1 DAGs
[2025-10-21T11:24:03.904+0000] {logging_mixin.py:188} INFO - [2025-10-21T11:24:03.904+0000] {dag.py:3954} INFO - Setting next_dagrun for apple_retail_pipeline to None, run_after=None
[2025-10-21T11:24:03.912+0000] {processor.py:183} INFO - Processing /opt/airflow/dags/apple_pipeline_dag.py took 0.067 seconds
[2025-10-21T11:24:34.189+0000] {processor.py:161} INFO - Started process (PID=241) to work on /opt/airflow/dags/apple_pipeline_dag.py
[2025-10-21T11:24:34.191+0000] {processor.py:830} INFO - Processing file /opt/airflow/dags/apple_pipeline_dag.py for tasks to queue
[2025-10-21T11:24:34.194+0000] {logging_mixin.py:188} INFO - [2025-10-21T11:24:34.193+0000] {dagbag.py:545} INFO - Filling up the DagBag from /opt/airflow/dags/apple_pipeline_dag.py
[2025-10-21T11:24:34.209+0000] {processor.py:840} INFO - DAG(s) 'apple_retail_pipeline' retrieved from /opt/airflow/dags/apple_pipeline_dag.py
[2025-10-21T11:24:34.231+0000] {logging_mixin.py:188} INFO - [2025-10-21T11:24:34.231+0000] {dag.py:3096} INFO - Sync 1 DAGs
[2025-10-21T11:24:34.239+0000] {logging_mixin.py:188} INFO - [2025-10-21T11:24:34.239+0000] {dag.py:3954} INFO - Setting next_dagrun for apple_retail_pipeline to None, run_after=None
[2025-10-21T11:24:34.247+0000] {processor.py:183} INFO - Processing /opt/airflow/dags/apple_pipeline_dag.py took 0.065 seconds
[2025-10-21T11:25:04.551+0000] {processor.py:161} INFO - Started process (PID=246) to work on /opt/airflow/dags/apple_pipeline_dag.py
[2025-10-21T11:25:04.554+0000] {processor.py:830} INFO - Processing file /opt/airflow/dags/apple_pipeline_dag.py for tasks to queue
[2025-10-21T11:25:04.558+0000] {logging_mixin.py:188} INFO - [2025-10-21T11:25:04.557+0000] {dagbag.py:545} INFO - Filling up the DagBag from /opt/airflow/dags/apple_pipeline_dag.py
[2025-10-21T11:25:04.580+0000] {processor.py:840} INFO - DAG(s) 'apple_retail_pipeline' retrieved from /opt/airflow/dags/apple_pipeline_dag.py
[2025-10-21T11:25:04.612+0000] {logging_mixin.py:188} INFO - [2025-10-21T11:25:04.612+0000] {dag.py:3096} INFO - Sync 1 DAGs
[2025-10-21T11:25:04.620+0000] {logging_mixin.py:188} INFO - [2025-10-21T11:25:04.620+0000] {dag.py:3954} INFO - Setting next_dagrun for apple_retail_pipeline to None, run_after=None
[2025-10-21T11:25:04.629+0000] {processor.py:183} INFO - Processing /opt/airflow/dags/apple_pipeline_dag.py took 0.091 seconds
[2025-10-21T11:25:34.885+0000] {processor.py:161} INFO - Started process (PID=251) to work on /opt/airflow/dags/apple_pipeline_dag.py
[2025-10-21T11:25:34.886+0000] {processor.py:830} INFO - Processing file /opt/airflow/dags/apple_pipeline_dag.py for tasks to queue
[2025-10-21T11:25:34.888+0000] {logging_mixin.py:188} INFO - [2025-10-21T11:25:34.887+0000] {dagbag.py:545} INFO - Filling up the DagBag from /opt/airflow/dags/apple_pipeline_dag.py
[2025-10-21T11:25:34.897+0000] {processor.py:840} INFO - DAG(s) 'apple_retail_pipeline' retrieved from /opt/airflow/dags/apple_pipeline_dag.py
[2025-10-21T11:25:34.931+0000] {logging_mixin.py:188} INFO - [2025-10-21T11:25:34.931+0000] {dag.py:3096} INFO - Sync 1 DAGs
[2025-10-21T11:25:34.961+0000] {logging_mixin.py:188} INFO - [2025-10-21T11:25:34.961+0000] {dag.py:3954} INFO - Setting next_dagrun for apple_retail_pipeline to None, run_after=None
[2025-10-21T11:25:34.991+0000] {processor.py:183} INFO - Processing /opt/airflow/dags/apple_pipeline_dag.py took 0.114 seconds
[2025-10-21T11:26:05.237+0000] {processor.py:161} INFO - Started process (PID=256) to work on /opt/airflow/dags/apple_pipeline_dag.py
[2025-10-21T11:26:05.239+0000] {processor.py:830} INFO - Processing file /opt/airflow/dags/apple_pipeline_dag.py for tasks to queue
[2025-10-21T11:26:05.241+0000] {logging_mixin.py:188} INFO - [2025-10-21T11:26:05.241+0000] {dagbag.py:545} INFO - Filling up the DagBag from /opt/airflow/dags/apple_pipeline_dag.py
[2025-10-21T11:26:05.257+0000] {processor.py:840} INFO - DAG(s) 'apple_retail_pipeline' retrieved from /opt/airflow/dags/apple_pipeline_dag.py
[2025-10-21T11:26:05.278+0000] {logging_mixin.py:188} INFO - [2025-10-21T11:26:05.278+0000] {dag.py:3096} INFO - Sync 1 DAGs
[2025-10-21T11:26:05.285+0000] {logging_mixin.py:188} INFO - [2025-10-21T11:26:05.285+0000] {dag.py:3954} INFO - Setting next_dagrun for apple_retail_pipeline to None, run_after=None
[2025-10-21T11:26:05.302+0000] {processor.py:183} INFO - Processing /opt/airflow/dags/apple_pipeline_dag.py took 0.074 seconds
[2025-10-21T11:26:35.601+0000] {processor.py:161} INFO - Started process (PID=272) to work on /opt/airflow/dags/apple_pipeline_dag.py
[2025-10-21T11:26:35.603+0000] {processor.py:830} INFO - Processing file /opt/airflow/dags/apple_pipeline_dag.py for tasks to queue
[2025-10-21T11:26:35.605+0000] {logging_mixin.py:188} INFO - [2025-10-21T11:26:35.605+0000] {dagbag.py:545} INFO - Filling up the DagBag from /opt/airflow/dags/apple_pipeline_dag.py
[2025-10-21T11:26:35.617+0000] {processor.py:840} INFO - DAG(s) 'apple_retail_pipeline' retrieved from /opt/airflow/dags/apple_pipeline_dag.py
[2025-10-21T11:26:35.643+0000] {logging_mixin.py:188} INFO - [2025-10-21T11:26:35.643+0000] {dag.py:3096} INFO - Sync 1 DAGs
[2025-10-21T11:26:35.650+0000] {logging_mixin.py:188} INFO - [2025-10-21T11:26:35.650+0000] {dag.py:3954} INFO - Setting next_dagrun for apple_retail_pipeline to None, run_after=None
[2025-10-21T11:26:35.659+0000] {processor.py:183} INFO - Processing /opt/airflow/dags/apple_pipeline_dag.py took 0.068 seconds
[2025-10-21T11:27:05.950+0000] {processor.py:161} INFO - Started process (PID=277) to work on /opt/airflow/dags/apple_pipeline_dag.py
[2025-10-21T11:27:05.951+0000] {processor.py:830} INFO - Processing file /opt/airflow/dags/apple_pipeline_dag.py for tasks to queue
[2025-10-21T11:27:05.954+0000] {logging_mixin.py:188} INFO - [2025-10-21T11:27:05.954+0000] {dagbag.py:545} INFO - Filling up the DagBag from /opt/airflow/dags/apple_pipeline_dag.py
[2025-10-21T11:27:05.968+0000] {processor.py:840} INFO - DAG(s) 'apple_retail_pipeline' retrieved from /opt/airflow/dags/apple_pipeline_dag.py
[2025-10-21T11:27:05.994+0000] {logging_mixin.py:188} INFO - [2025-10-21T11:27:05.994+0000] {dag.py:3096} INFO - Sync 1 DAGs
[2025-10-21T11:27:06.002+0000] {logging_mixin.py:188} INFO - [2025-10-21T11:27:06.002+0000] {dag.py:3954} INFO - Setting next_dagrun for apple_retail_pipeline to None, run_after=None
[2025-10-21T11:27:06.011+0000] {processor.py:183} INFO - Processing /opt/airflow/dags/apple_pipeline_dag.py took 0.068 seconds
[2025-10-21T11:27:36.264+0000] {processor.py:161} INFO - Started process (PID=282) to work on /opt/airflow/dags/apple_pipeline_dag.py
[2025-10-21T11:27:36.266+0000] {processor.py:830} INFO - Processing file /opt/airflow/dags/apple_pipeline_dag.py for tasks to queue
[2025-10-21T11:27:36.276+0000] {logging_mixin.py:188} INFO - [2025-10-21T11:27:36.274+0000] {dagbag.py:545} INFO - Filling up the DagBag from /opt/airflow/dags/apple_pipeline_dag.py
[2025-10-21T11:27:36.321+0000] {processor.py:840} INFO - DAG(s) 'apple_retail_pipeline' retrieved from /opt/airflow/dags/apple_pipeline_dag.py
[2025-10-21T11:27:36.370+0000] {logging_mixin.py:188} INFO - [2025-10-21T11:27:36.370+0000] {dag.py:3096} INFO - Sync 1 DAGs
[2025-10-21T11:27:36.400+0000] {logging_mixin.py:188} INFO - [2025-10-21T11:27:36.400+0000] {dag.py:3954} INFO - Setting next_dagrun for apple_retail_pipeline to None, run_after=None
[2025-10-21T11:27:36.416+0000] {processor.py:183} INFO - Processing /opt/airflow/dags/apple_pipeline_dag.py took 0.164 seconds
[2025-10-21T11:28:06.588+0000] {processor.py:161} INFO - Started process (PID=287) to work on /opt/airflow/dags/apple_pipeline_dag.py
[2025-10-21T11:28:06.591+0000] {processor.py:830} INFO - Processing file /opt/airflow/dags/apple_pipeline_dag.py for tasks to queue
[2025-10-21T11:28:06.597+0000] {logging_mixin.py:188} INFO - [2025-10-21T11:28:06.596+0000] {dagbag.py:545} INFO - Filling up the DagBag from /opt/airflow/dags/apple_pipeline_dag.py
[2025-10-21T11:28:06.624+0000] {processor.py:840} INFO - DAG(s) 'apple_retail_pipeline' retrieved from /opt/airflow/dags/apple_pipeline_dag.py
[2025-10-21T11:28:06.659+0000] {logging_mixin.py:188} INFO - [2025-10-21T11:28:06.659+0000] {dag.py:3096} INFO - Sync 1 DAGs
[2025-10-21T11:28:06.666+0000] {logging_mixin.py:188} INFO - [2025-10-21T11:28:06.666+0000] {dag.py:3954} INFO - Setting next_dagrun for apple_retail_pipeline to None, run_after=None
[2025-10-21T11:28:06.673+0000] {processor.py:183} INFO - Processing /opt/airflow/dags/apple_pipeline_dag.py took 0.101 seconds
[2025-10-21T11:28:36.917+0000] {processor.py:161} INFO - Started process (PID=292) to work on /opt/airflow/dags/apple_pipeline_dag.py
[2025-10-21T11:28:36.919+0000] {processor.py:830} INFO - Processing file /opt/airflow/dags/apple_pipeline_dag.py for tasks to queue
[2025-10-21T11:28:36.923+0000] {logging_mixin.py:188} INFO - [2025-10-21T11:28:36.922+0000] {dagbag.py:545} INFO - Filling up the DagBag from /opt/airflow/dags/apple_pipeline_dag.py
[2025-10-21T11:28:36.944+0000] {processor.py:840} INFO - DAG(s) 'apple_retail_pipeline' retrieved from /opt/airflow/dags/apple_pipeline_dag.py
[2025-10-21T11:28:36.970+0000] {logging_mixin.py:188} INFO - [2025-10-21T11:28:36.969+0000] {dag.py:3096} INFO - Sync 1 DAGs
[2025-10-21T11:28:36.981+0000] {logging_mixin.py:188} INFO - [2025-10-21T11:28:36.981+0000] {dag.py:3954} INFO - Setting next_dagrun for apple_retail_pipeline to None, run_after=None
[2025-10-21T11:28:36.993+0000] {processor.py:183} INFO - Processing /opt/airflow/dags/apple_pipeline_dag.py took 0.083 seconds
