[2025-10-21T11:21:14.905+0000] {local_task_job_runner.py:120} INFO - ::group::Pre task execution logs
[2025-10-21T11:21:14.941+0000] {taskinstance.py:2076} INFO - Dependencies all met for dep_context=non-requeueable deps ti=<TaskInstance: apple_retail_pipeline.extract_task manual__2025-10-21T11:21:13.699556+00:00 [queued]>
[2025-10-21T11:21:14.949+0000] {taskinstance.py:2076} INFO - Dependencies all met for dep_context=requeueable deps ti=<TaskInstance: apple_retail_pipeline.extract_task manual__2025-10-21T11:21:13.699556+00:00 [queued]>
[2025-10-21T11:21:14.949+0000] {taskinstance.py:2306} INFO - Starting attempt 1 of 2
[2025-10-21T11:21:14.959+0000] {taskinstance.py:2330} INFO - Executing <Task(PythonOperator): extract_task> on 2025-10-21 11:21:13.699556+00:00
[2025-10-21T11:21:14.969+0000] {standard_task_runner.py:90} INFO - Running: ['***', 'tasks', 'run', 'apple_retail_pipeline', 'extract_task', 'manual__2025-10-21T11:21:13.699556+00:00', '--job-id', '2', '--raw', '--subdir', 'DAGS_FOLDER/apple_pipeline_dag.py', '--cfg-path', '/tmp/tmpew9bmir6']
[2025-10-21T11:21:14.977+0000] {standard_task_runner.py:91} INFO - Job 2: Subtask extract_task
[2025-10-21T11:21:14.974+0000] {logging_mixin.py:188} WARNING - /home/***/.local/lib/python3.12/site-packages/***/task/task_runner/standard_task_runner.py:61 DeprecationWarning: This process (pid=200) is multi-threaded, use of fork() may lead to deadlocks in the child.
[2025-10-21T11:21:14.981+0000] {standard_task_runner.py:63} INFO - Started process 201 to run task
[2025-10-21T11:21:15.072+0000] {task_command.py:426} INFO - Running <TaskInstance: apple_retail_pipeline.extract_task manual__2025-10-21T11:21:13.699556+00:00 [running]> on host bffca1de5f40
[2025-10-21T11:21:15.166+0000] {taskinstance.py:2648} INFO - Exporting env vars: AIRFLOW_CTX_DAG_OWNER='kaancakir' AIRFLOW_CTX_DAG_ID='apple_retail_pipeline' AIRFLOW_CTX_TASK_ID='extract_task' AIRFLOW_CTX_EXECUTION_DATE='2025-10-21T11:21:13.699556+00:00' AIRFLOW_CTX_TRY_NUMBER='1' AIRFLOW_CTX_DAG_RUN_ID='manual__2025-10-21T11:21:13.699556+00:00'
[2025-10-21T11:21:15.167+0000] {taskinstance.py:430} INFO - ::endgroup::
[2025-10-21T11:21:16.413+0000] {taskinstance.py:441} INFO - ::group::Post task execution logs
[2025-10-21T11:21:16.414+0000] {taskinstance.py:2905} ERROR - Task failed with exception
Traceback (most recent call last):
  File "/home/airflow/.local/lib/python3.12/site-packages/airflow/models/taskinstance.py", line 465, in _execute_task
    result = _execute_callable(context=context, **execute_callable_kwargs)
             ^^^^^^^^^^^^^^^^^^^^^^^^^^^^^^^^^^^^^^^^^^^^^^^^^^^^^^^^^^^^^
  File "/home/airflow/.local/lib/python3.12/site-packages/airflow/models/taskinstance.py", line 432, in _execute_callable
    return execute_callable(context=context, **execute_callable_kwargs)
           ^^^^^^^^^^^^^^^^^^^^^^^^^^^^^^^^^^^^^^^^^^^^^^^^^^^^^^^^^^^^
  File "/home/airflow/.local/lib/python3.12/site-packages/airflow/models/baseoperator.py", line 400, in wrapper
    return func(self, *args, **kwargs)
           ^^^^^^^^^^^^^^^^^^^^^^^^^^^
  File "/home/airflow/.local/lib/python3.12/site-packages/airflow/operators/python.py", line 235, in execute
    return_value = self.execute_callable()
                   ^^^^^^^^^^^^^^^^^^^^^^^
  File "/home/airflow/.local/lib/python3.12/site-packages/airflow/operators/python.py", line 252, in execute_callable
    return self.python_callable(*self.op_args, **self.op_kwargs)
           ^^^^^^^^^^^^^^^^^^^^^^^^^^^^^^^^^^^^^^^^^^^^^^^^^^^^^
  File "/opt/airflow/dags/apple_pipeline_dag.py", line 24, in run_script
    subprocess.run(["python", os.path.join(BASE_DIR, script_name)], check=True)
  File "/usr/local/lib/python3.12/subprocess.py", line 571, in run
    raise CalledProcessError(retcode, process.args,
subprocess.CalledProcessError: Command '['python', '/opt/airflow/src/extract.py']' returned non-zero exit status 1.
[2025-10-21T11:21:16.419+0000] {taskinstance.py:1206} INFO - Marking task as UP_FOR_RETRY. dag_id=apple_retail_pipeline, task_id=extract_task, run_id=manual__2025-10-21T11:21:13.699556+00:00, execution_date=20251021T112113, start_date=20251021T112114, end_date=20251021T112116
[2025-10-21T11:21:16.424+0000] {standard_task_runner.py:110} ERROR - Failed to execute job 2 for task extract_task (Command '['python', '/opt/airflow/src/extract.py']' returned non-zero exit status 1.; 201)
[2025-10-21T11:21:16.441+0000] {local_task_job_runner.py:240} INFO - Task exited with return code 1
[2025-10-21T11:21:16.450+0000] {taskinstance.py:3498} INFO - 0 downstream tasks scheduled from follow-on schedule check
[2025-10-21T11:21:16.450+0000] {local_task_job_runner.py:222} INFO - ::endgroup::
